Microsoft Windows [Version 10.0.19045.3086]
(c) Microsoft Corporation. All rights reserved.

C:\Users\USER\Desktop\DX DATA>cd 0629
지정된 경로를 찾을 수 없습니다.

C:\Users\USER\Desktop\DX DATA>cd 0629
지정된 경로를 찾을 수 없습니다.

C:\Users\USER\Desktop\DX DATA>cd frontend0629        
지정된 경로를 찾을 수 없습니다.

C:\Users\USER\Desktop\DX DATA>cd 23.06

C:\Users\USER\Desktop\DX DATA\23.06>cd 0629

C:\Users\USER\Desktop\DX DATA\23.06\0629>git init
Initialized empty Git repository in C:/Users/USER/Desktop/DX DATA/23.06/0629/.git/

C:\Users\USER\Desktop\DX DATA\23.06\0629>git add .

C:\Users\USER\Desktop\DX DATA\23.06\0629>git commit -m "생성완료"
Author identity unknown

*** Please tell me who you are.

Run

  git config --global user.email "you@example.com"   
  git config --global user.name "Your Name"

to set your account's default identity.
Omit --global to set the identity only in this repository.

fatal: unable to auto-detect email address (got 'USER@DESKTOP-94CKKIH.(none)')

C:\Users\USER\Desktop\DX DATA\23.06\0629>git config user.name MOONYEJI95

C:\Users\USER\Desktop\DX DATA\23.06\0629>git config user.email mybin2921@naver.com

C:\Users\USER\Desktop\DX DATA\23.06\0629>git remote add origin
usage: git remote add [<options>] <name> <url>

    -f, --fetch           fetch the remote branches  
    --tags                import all tags and associated objects when fetching
                          or do not fetch any tag at 
all (--no-tags)
    -t, --track <branch>  branch(es) to track        
    -m, --master <branch>
                          master branch
    --mirror[=(push|fetch)]
                          set up remote as a mirror to push to or fetch from


C:\Users\USER\Desktop\DX DATA\23.06\0629>git remote add origin https://github.com/MOONYEJI95/DXDATA.git

C:\Users\USER\Desktop\DX DATA\23.06\0629>git push or i                                                    
C:\Users\USER\Desktop\DX DATA\23.06\0629>git push origin 0629
error: src refspec 0629 does not match any
error: failed to push some refs to 'https://github.com/MOONYEJI95/DXDATA.git'

C:\Users\USER\Desktop\DX DATA\23.06\0629>git push origin main2
error: src refspec main2 does not match any
error: failed to push some refs to 'https://github.com/MOONYEJI95/DXDATA.git'

C:\Users\USER\Desktop\DX DATA\23.06\0629>git push origin main2
error: src refspec main2 does not match any
error: failed to push some refs to 'https://github.com/MOONYEJI95/DXDATA.git'

C:\Users\USER\Desktop\DX DATA\23.06\0629>git log
fatal: your current branch 'main' does not have any commits yet

C:\Users\USER\Desktop\DX DATA\23.06\0629>git init
Reinitialized existing Git repository in C:/Users/USER/Desktop/DX DATA/23.06/0629/.git/

C:\Users\USER\Desktop\DX DATA\23.06\0629>git add .

C:\Users\USER\Desktop\DX DATA\23.06\0629>git remote add origin https://github.com/MOONYEJI95/DXDATA.git
error: remote origin already exists.

C:\Users\USER\Desktop\DX DATA\23.06\0629>git remote -v
origin  https://github.com/MOONYEJI95/DXDATA.git (fetch)
origin  https://github.com/MOONYEJI95/DXDATA.git (push)

C:\Users\USER\Desktop\DX DATA\23.06\0629>git remote remove origin

C:\Users\USER\Desktop\DX DATA\23.06\0629>git remote -v

C:\Users\USER\Desktop\DX DATA\23.06\0629>git remote add origin https://github.com/MOONYEJI95/DXDATA.git

C:\Users\USER\Desktop\DX DATA\23.06\0629>git remote -v
origin  https://github.com/MOONYEJI95/DXDATA.git (fetch)
origin  https://github.com/MOONYEJI95/DXDATA.git (push)

C:\Users\USER\Desktop\DX DATA\23.06\0629>git push origin main
error: src refspec main does not match any
error: failed to push some refs to 'https://github.com/MOONYEJI95/DXDATA.git'

C:\Users\USER\Desktop\DX DATA\23.06\0629>git push origin main
error: src refspec main does not match any
error: failed to push some refs to 'https://github.com/MOONYEJI95/DXDATA.git'

C:\Users\USER\Desktop\DX DATA\23.06\0629>git push origin main
error: src refspec main does not match any
error: failed to push some refs to 'https://github.com/MOONYEJI95/DXDATA.git'

C:\Users\USER\Desktop\DX DATA\23.06\0629>git push origin main
error: src refspec main does not match any
error: failed to push some refs to 'https://github.com/MOONYEJI95/DXDATA.git'

C:\Users\USER\Desktop\DX DATA\23.06\0629>git push origin master
error: src refspec master does not match any
error: failed to push some refs to 'https://github.com/MOONYEJI95/DXDATA.git'

C:\Users\USER\Desktop\DX DATA\23.06\0629>git push -u origin main
error: src refspec main does not match any
error: failed to push some refs to 'https://github.com/MOONYEJI95/DXDATA.git'

C:\Users\USER\Desktop\DX DATA\23.06\0629>git chechout -b "main"
git: 'chechout' is not a git command. See 'git --help'.

The most similar command is
        checkout

C:\Users\USER\Desktop\DX DATA\23.06\0629>git checkout -b "main" 
Switched to a new branch 'main'

C:\Users\USER\Desktop\DX DATA\23.06\0629>git push origin main
error: src refspec main does not match any
error: failed to push some refs to 'https://github.com/MOONYEJI95/DXDATA.git'

C:\Users\USER\Desktop\DX DATA\23.06\0629>git checkout -b "main"
Switched to a new branch 'main'

C:\Users\USER\Desktop\DX DATA\23.06\0629>git checkout -b "main"
Switched to a new branch 'main'

C:\Users\USER\Desktop\DX DATA\23.06\0629>git push origin main   
error: src refspec main does not match any
error: failed to push some refs to 'https://github.com/MOONYEJI95/DXDATA.git'

C:\Users\USER\Desktop\DX DATA\23.06\0629>git init            
Initialized empty Git repository in C:/Users/USER/Desktop/DX DATA/23.06/0629/.git/

C:\Users\USER\Desktop\DX DATA\23.06\0629>git add .

C:\Users\USER\Desktop\DX DATA\23.06\0629>git commit -m "0629"
Author identity unknown

*** Please tell me who you are.

Run

  git config --global user.email "you@example.com"
  git config --global user.name "Your Name"

to set your account's default identity.
Omit --global to set the identity only in this repository.

fatal: unable to auto-detect email address (got 'USER@DESKTOP-94CKKIH.(none)')

C:\Users\USER\Desktop\DX DATA\23.06\0629>git config --global user.email "mybin2921@naver.com" 

C:\Users\USER\Desktop\DX DATA\23.06\0629>git config --global user.name "MOONYEJI95"           

C:\Users\USER\Desktop\DX DATA\23.06\0629>git remote add origin https://github.com/MOONYEJI95/frontend0629.git

C:\Users\USER\Desktop\DX DATA\23.06\0629>git push origin main
error: src refspec main does not match any
error: failed to push some refs to 'https://github.com/MOONYEJI95/frontend0629.git'

C:\Users\USER\Desktop\DX DATA\23.06\0629>git checkout -b "main"
Switched to a new branch 'main'

C:\Users\USER\Desktop\DX DATA\23.06\0629>git push origin main   
error: src refspec main does not match any
error: failed to push some refs to 'https://github.com/MOONYEJI95/frontend0629.git'

C:\Users\USER\Desktop\DX DATA\23.06\0629>git remote add origin https://github.com/MOONYEJI95/frontend0629.git
error: remote origin already exists.

C:\Users\USER\Desktop\DX DATA\23.06\0629>cd ..                                     

C:\Users\USER\Desktop\DX DATA\23.06>cd ..

C:\Users\USER\Desktop\DX DATA>git add .
error: '23.06/0629/' does not have a commit checked out
fatal: adding files failed

C:\Users\USER\Desktop\DX DATA>git commit -m "0629"
On branch main
Untracked files:
  (use "git add <file>..." to include in what will be committed)
        23.06/0629/

nothing added to commit but untracked files present (use "git add" to track)

C:\Users\USER\Desktop\DX DATA>cd 23.06

C:\Users\USER\Desktop\DX DATA\23.06>cd 0629

C:\Users\USER\Desktop\DX DATA\23.06\0629>git init
Initialized empty Git repository in C:/Users/USER/Desktop/DX DATA/23.06/0629/.git/

C:\Users\USER\Desktop\DX DATA\23.06\0629>git add .

C:\Users\USER\Desktop\DX DATA\23.06\0629>git commit -m "0629"
[main (root-commit) edb51de] 0629
 9 files changed, 188 insertions(+)
 create mode 100644 0629.txt
 create mode 100644 CSS.pdf
 create mode 100644 XHTML.pdf
 create mode 100644 css/main.css
 create mode 100644 form.html
 create mode 100644 index.html
 create mode 100644 main.html
 create mode 100644 panda.jpg
 create mode 100644 style.html

C:\Users\USER\Desktop\DX DATA\23.06\0629>git remote add origin https://github.com/MOONYEJI95/frontend0629.git

C:\Users\USER\Desktop\DX DATA\23.06\0629>git push origin main
Enumerating objects: 12, done.
Counting objects: 100% (12/12), done.
Delta compression using up to 12 threads
Compressing objects: 100% (10/10), done.
Writing objects: 100% (12/12), 8.37 MiB | 2.82 MiB/s, done.
Total 12 (delta 0), reused 0 (delta 0), pack-reused 0
To https://github.com/MOONYEJI95/frontend0629.git
 * [new branch]      main -> main

C:\Users\USER\Desktop\DX DATA\23.06\0629>  